2026-07-05 17:14:02,654 - aqt.main - INFO - installer 25108 aqtinstall(aqt) v3.3.0 on Python 3.14.6 [CPython MINGW Clang UCRT 22.1.7 64 bit (AMD64) (GCC)]
2026-07-05 17:14:02,654 - aqt.helper - DEBUG - helper 25108 Attempt to download checksum at https://download.qt.io/online/qtsdkrepository/windows_x86/desktop/qt6_693/qt6_693/Updates.xml.sha256
2026-07-05 17:14:05,665 - aqt.helper - DEBUG - helper 25108 Attempt to download checksum at https://download.qt.io/online/qtsdkrepository/windows_x86/extensions/qtwebengine/693/msvc2022_64/Updates.xml.sha256
2026-07-05 17:14:08,362 - aqt.archives - INFO - archives 25108 Found extension qtwebengine
2026-07-05 17:14:08,362 - aqt.helper - DEBUG - helper 25108 Attempt to download checksum at https://download.qt.io/online/qtsdkrepository/windows_x86/extensions/qtpdf/693/msvc2022_64/Updates.xml.sha256
2026-07-05 17:14:11,026 - aqt.archives - INFO - archives 25108 Found extension qtpdf
2026-07-05 17:14:11,822 - aqt.helper - DEBUG - helper 26140 Attempt to download checksum at https://download.qt.io/online/qtsdkrepository/windows_x86/desktop/qt6_693/qt6_693/qt.qt6.693.win64_msvc2022_64/6.9.3-0-202509261208qtbase-Windows-Windows_11_23H2-MSVC2022-Windows-Windows_11_23H2-X86_64.7z.sha256
2026-07-05 17:14:11,825 - aqt.helper - DEBUG - helper 11864 Attempt to download checksum at https://download.qt.io/online/qtsdkrepository/windows_x86/desktop/qt6_693/qt6_693/qt.qt6.693.win64_msvc2022_64/6.9.3-0-202509261208qtsvg-Windows-Windows_11_23H2-MSVC2022-Windows-Windows_11_23H2-X86_64.7z.sha256
2026-07-05 17:14:11,831 - aqt.helper - DEBUG - helper 18180 Attempt to download checksum at https://download.qt.io/online/qtsdkrepository/windows_x86/desktop/qt6_693/qt6_693/qt.qt6.693.win64_msvc2022_64/6.9.3-0-202509261208qtdeclarative-Windows-Windows_11_23H2-MSVC2022-Windows-Windows_11_23H2-X86_64.7z.sha256
2026-07-05 17:14:11,841 - aqt.helper - DEBUG - helper 23452 Attempt to download checksum at https://download.qt.io/online/qtsdkrepository/windows_x86/desktop/qt6_693/qt6_693/qt.qt6.693.win64_msvc2022_64/6.9.3-0-202509261208qttools-Windows-Windows_11_23H2-MSVC2022-Windows-Windows_11_23H2-X86_64.7z.sha256
2026-07-05 17:14:13,111 - aqt.helper - INFO - helper 18180 Downloading qtdeclarative...
2026-07-05 17:14:13,111 - aqt.installer - DEBUG - installer 18180 Download URL: https://download.qt.io/online/qtsdkrepository/windows_x86/desktop/qt6_693/qt6_693/qt.qt6.693.win64_msvc2022_64/6.9.3-0-202509261208qtdeclarative-Windows-Windows_11_23H2-MSVC2022-Windows-Windows_11_23H2-X86_64.7z
2026-07-05 17:14:13,119 - aqt.helper - INFO - helper 26140 Downloading qtbase...
2026-07-05 17:14:13,120 - aqt.installer - DEBUG - installer 26140 Download URL: https://download.qt.io/online/qtsdkrepository/windows_x86/desktop/qt6_693/qt6_693/qt.qt6.693.win64_msvc2022_64/6.9.3-0-202509261208qtbase-Windows-Windows_11_23H2-MSVC2022-Windows-Windows_11_23H2-X86_64.7z
2026-07-05 17:14:13,141 - aqt.helper - INFO - helper 11864 Downloading qtsvg...
2026-07-05 17:14:13,141 - aqt.installer - DEBUG - installer 11864 Download URL: https://download.qt.io/online/qtsdkrepository/windows_x86/desktop/qt6_693/qt6_693/qt.qt6.693.win64_msvc2022_64/6.9.3-0-202509261208qtsvg-Windows-Windows_11_23H2-MSVC2022-Windows-Windows_11_23H2-X86_64.7z
2026-07-05 17:14:13,332 - aqt.helper - INFO - helper 23452 Downloading qttools...
2026-07-05 17:14:13,333 - aqt.installer - DEBUG - installer 23452 Download URL: https://download.qt.io/online/qtsdkrepository/windows_x86/desktop/qt6_693/qt6_693/qt.qt6.693.win64_msvc2022_64/6.9.3-0-202509261208qttools-Windows-Windows_11_23H2-MSVC2022-Windows-Windows_11_23H2-X86_64.7z
2026-07-05 17:14:14,420 - aqt.helper - DEBUG - helper 18180 Asked to redirect(302) to: https://mirror.aarnet.edu.au/pub/qtproject/online/qtsdkrepository/windows_x86/desktop/qt6_693/qt6_693/qt.qt6.693.win64_msvc2022_64/6.9.3-0-202509261208qtdeclarative-Windows-Windows_11_23H2-MSVC2022-Windows-Windows_11_23H2-X86_64.7z
2026-07-05 17:14:14,420 - aqt.helper - INFO - helper 18180 Redirected: mirror.aarnet.edu.au
2026-07-05 17:14:14,425 - aqt.helper - DEBUG - helper 26140 Asked to redirect(302) to: https://mirror.aarnet.edu.au/pub/qtproject/online/qtsdkrepository/windows_x86/desktop/qt6_693/qt6_693/qt.qt6.693.win64_msvc2022_64/6.9.3-0-202509261208qtbase-Windows-Windows_11_23H2-MSVC2022-Windows-Windows_11_23H2-X86_64.7z
2026-07-05 17:14:14,425 - aqt.helper - INFO - helper 26140 Redirected: mirror.aarnet.edu.au
2026-07-05 17:14:14,529 - aqt.helper - DEBUG - helper 11864 Asked to redirect(302) to: https://mirror.aarnet.edu.au/pub/qtproject/online/qtsdkrepository/windows_x86/desktop/qt6_693/qt6_693/qt.qt6.693.win64_msvc2022_64/6.9.3-0-202509261208qtsvg-Windows-Windows_11_23H2-MSVC2022-Windows-Windows_11_23H2-X86_64.7z
2026-07-05 17:14:14,530 - aqt.helper - INFO - helper 11864 Redirected: mirror.aarnet.edu.au
2026-07-05 17:14:14,714 - aqt.helper - DEBUG - helper 23452 Asked to redirect(302) to: https://mirror.aarnet.edu.au/pub/qtproject/online/qtsdkrepository/windows_x86/desktop/qt6_693/qt6_693/qt.qt6.693.win64_msvc2022_64/6.9.3-0-202509261208qttools-Windows-Windows_11_23H2-MSVC2022-Windows-Windows_11_23H2-X86_64.7z
2026-07-05 17:14:14,714 - aqt.helper - INFO - helper 23452 Redirected: mirror.aarnet.edu.au
2026-07-05 17:14:15,223 - aqt.installer - INFO - installer 11864 Finished installation of qtsvg-Windows-Windows_11_23H2-MSVC2022-Windows-Windows_11_23H2-X86_64.7z in 3.40026200
2026-07-05 17:14:15,241 - aqt.helper - DEBUG - helper 11864 Attempt to download checksum at https://download.qt.io/online/qtsdkrepository/windows_x86/desktop/qt6_693/qt6_693/qt.qt6.693.win64_msvc2022_64/6.9.3-0-202509261208qttranslations-Windows-Windows_11_23H2-MSVC2022-Windows-Windows_11_23H2-X86_64.7z.sha256
2026-07-05 17:14:16,710 - aqt.helper - INFO - helper 11864 Downloading qttranslations...
2026-07-05 17:14:16,710 - aqt.installer - DEBUG - installer 11864 Download URL: https://download.qt.io/online/qtsdkrepository/windows_x86/desktop/qt6_693/qt6_693/qt.qt6.693.win64_msvc2022_64/6.9.3-0-202509261208qttranslations-Windows-Windows_11_23H2-MSVC2022-Windows-Windows_11_23H2-X86_64.7z
2026-07-05 17:14:18,174 - aqt.helper - DEBUG - helper 11864 Asked to redirect(302) to: https://mirror.aarnet.edu.au/pub/qtproject/online/qtsdkrepository/windows_x86/desktop/qt6_693/qt6_693/qt.qt6.693.win64_msvc2022_64/6.9.3-0-202509261208qttranslations-Windows-Windows_11_23H2-MSVC2022-Windows-Windows_11_23H2-X86_64.7z
2026-07-05 17:14:18,174 - aqt.helper - INFO - helper 11864 Redirected: mirror.aarnet.edu.au
2026-07-05 17:14:19,520 - aqt.installer - INFO - installer 11864 Finished installation of qttranslations-Windows-Windows_11_23H2-MSVC2022-Windows-Windows_11_23H2-X86_64.7z in 4.28328770
2026-07-05 17:14:19,541 - aqt.helper - DEBUG - helper 11864 Attempt to download checksum at https://download.qt.io/online/qtsdkrepository/windows_x86/desktop/qt6_693/qt6_693/qt.qt6.693.win64_msvc2022_64/6.9.3-0-202509261208d3dcompiler_47-x64.7z.sha256
2026-07-05 17:14:21,152 - aqt.helper - INFO - helper 11864 Downloading d3dcompiler_47...
2026-07-05 17:14:21,152 - aqt.installer - DEBUG - installer 11864 Download URL: https://download.qt.io/online/qtsdkrepository/windows_x86/desktop/qt6_693/qt6_693/qt.qt6.693.win64_msvc2022_64/6.9.3-0-202509261208d3dcompiler_47-x64.7z
2026-07-05 17:14:22,610 - aqt.helper - DEBUG - helper 11864 Asked to redirect(302) to: https://mirror.aarnet.edu.au/pub/qtproject/online/qtsdkrepository/windows_x86/desktop/qt6_693/qt6_693/qt.qt6.693.win64_msvc2022_64/6.9.3-0-202509261208d3dcompiler_47-x64.7z
2026-07-05 17:14:22,611 - aqt.helper - INFO - helper 11864 Redirected: mirror.aarnet.edu.au
2026-07-05 17:14:23,566 - aqt.installer - INFO - installer 11864 Finished installation of d3dcompiler_47-x64.7z in 4.03175930
2026-07-05 17:14:23,584 - aqt.helper - DEBUG - helper 11864 Attempt to download checksum at https://download.qt.io/online/qtsdkrepository/windows_x86/desktop/qt6_693/qt6_693/qt.qt6.693.win64_msvc2022_64/6.9.3-0-202509261208opengl32sw-64-mesa_11_2_2-signed_sha256.7z.sha256
2026-07-05 17:14:24,957 - aqt.helper - INFO - helper 11864 Downloading opengl32sw...
2026-07-05 17:14:24,957 - aqt.installer - DEBUG - installer 11864 Download URL: https://download.qt.io/online/qtsdkrepository/windows_x86/desktop/qt6_693/qt6_693/qt.qt6.693.win64_msvc2022_64/6.9.3-0-202509261208opengl32sw-64-mesa_11_2_2-signed_sha256.7z
2026-07-05 17:14:26,333 - aqt.helper - DEBUG - helper 11864 Asked to redirect(302) to: https://mirror.aarnet.edu.au/pub/qtproject/online/qtsdkrepository/windows_x86/desktop/qt6_693/qt6_693/qt.qt6.693.win64_msvc2022_64/6.9.3-0-202509261208opengl32sw-64-mesa_11_2_2-signed_sha256.7z
2026-07-05 17:14:26,333 - aqt.helper - INFO - helper 11864 Redirected: mirror.aarnet.edu.au
2026-07-05 17:14:27,040 - aqt.installer - INFO - installer 23452 Finished installation of qttools-Windows-Windows_11_23H2-MSVC2022-Windows-Windows_11_23H2-X86_64.7z in 15.20066750
2026-07-05 17:14:28,421 - aqt.installer - INFO - installer 11864 Finished installation of opengl32sw-64-mesa_11_2_2-signed_sha256.7z in 4.84220620
2026-07-05 17:14:36,628 - aqt.installer - INFO - installer 26140 Finished installation of qtbase-Windows-Windows_11_23H2-MSVC2022-Windows-Windows_11_23H2-X86_64.7z in 24.80763280
2026-07-05 17:15:04,889 - aqt.installer - INFO - installer 18180 Finished installation of qtdeclarative-Windows-Windows_11_23H2-MSVC2022-Windows-Windows_11_23H2-X86_64.7z in 53.05981390
2026-07-05 17:15:05,101 - aqt.updater - INFO - updater 25108 Patching C:/cpmcache/qt-bin/6.9.3/msvc2022_64/bin/qmake.exe
2026-07-05 17:15:05,105 - aqt.updater - INFO - updater 25108 Patching C:/cpmcache/qt-bin/6.9.3/msvc2022_64/lib/Qt6Concurrent.prl
2026-07-05 17:15:05,111 - aqt.updater - INFO - updater 25108 Patching C:/cpmcache/qt-bin/6.9.3/msvc2022_64/lib/Qt6Concurrentd.prl
2026-07-05 17:15:05,118 - aqt.updater - INFO - updater 25108 Patching C:/cpmcache/qt-bin/6.9.3/msvc2022_64/lib/Qt6Core.prl
2026-07-05 17:15:05,125 - aqt.updater - INFO - updater 25108 Patching C:/cpmcache/qt-bin/6.9.3/msvc2022_64/lib/Qt6Cored.prl
2026-07-05 17:15:05,131 - aqt.updater - INFO - updater 25108 Patching C:/cpmcache/qt-bin/6.9.3/msvc2022_64/lib/Qt6DBus.prl
2026-07-05 17:15:05,138 - aqt.updater - INFO - updater 25108 Patching C:/cpmcache/qt-bin/6.9.3/msvc2022_64/lib/Qt6DBusd.prl
2026-07-05 17:15:05,144 - aqt.updater - INFO - updater 25108 Patching C:/cpmcache/qt-bin/6.9.3/msvc2022_64/lib/Qt6Designer.prl
2026-07-05 17:15:05,151 - aqt.updater - INFO - updater 25108 Patching C:/cpmcache/qt-bin/6.9.3/msvc2022_64/lib/Qt6DesignerComponents.prl
2026-07-05 17:15:05,157 - aqt.updater - INFO - updater 25108 Patching C:/cpmcache/qt-bin/6.9.3/msvc2022_64/lib/Qt6DesignerComponentsd.prl
2026-07-05 17:15:05,164 - aqt.updater - INFO - updater 25108 Patching C:/cpmcache/qt-bin/6.9.3/msvc2022_64/lib/Qt6Designerd.prl
2026-07-05 17:15:05,170 - aqt.updater - INFO - updater 25108 Patching C:/cpmcache/qt-bin/6.9.3/msvc2022_64/lib/Qt6DeviceDiscoverySupport.prl
2026-07-05 17:15:05,177 - aqt.updater - INFO - updater 25108 Patching C:/cpmcache/qt-bin/6.9.3/msvc2022_64/lib/Qt6DeviceDiscoverySupportd.prl
2026-07-05 17:15:05,184 - aqt.updater - INFO - updater 25108 Patching C:/cpmcache/qt-bin/6.9.3/msvc2022_64/lib/Qt6EntryPoint.prl
2026-07-05 17:15:05,190 - aqt.updater - INFO - updater 25108 Patching C:/cpmcache/qt-bin/6.9.3/msvc2022_64/lib/Qt6EntryPointd.prl
2026-07-05 17:15:05,196 - aqt.updater - INFO - updater 25108 Patching C:/cpmcache/qt-bin/6.9.3/msvc2022_64/lib/Qt6ExampleIcons.prl
2026-07-05 17:15:05,203 - aqt.updater - INFO - updater 25108 Patching C:/cpmcache/qt-bin/6.9.3/msvc2022_64/lib/Qt6ExampleIconsd.prl
2026-07-05 17:15:05,210 - aqt.updater - INFO - updater 25108 Patching C:/cpmcache/qt-bin/6.9.3/msvc2022_64/lib/Qt6ExamplesAssetDownloader.prl
2026-07-05 17:15:05,216 - aqt.updater - INFO - updater 25108 Patching C:/cpmcache/qt-bin/6.9.3/msvc2022_64/lib/Qt6ExamplesAssetDownloaderd.prl
2026-07-05 17:15:05,223 - aqt.updater - INFO - updater 25108 Patching C:/cpmcache/qt-bin/6.9.3/msvc2022_64/lib/Qt6FbSupport.prl
2026-07-05 17:15:05,230 - aqt.updater - INFO - updater 25108 Patching C:/cpmcache/qt-bin/6.9.3/msvc2022_64/lib/Qt6FbSupportd.prl
2026-07-05 17:15:05,236 - aqt.updater - INFO - updater 25108 Patching C:/cpmcache/qt-bin/6.9.3/msvc2022_64/lib/Qt6Gui.prl
2026-07-05 17:15:05,243 - aqt.updater - INFO - updater 25108 Patching C:/cpmcache/qt-bin/6.9.3/msvc2022_64/lib/Qt6Guid.prl
2026-07-05 17:15:05,249 - aqt.updater - INFO - updater 25108 Patching C:/cpmcache/qt-bin/6.9.3/msvc2022_64/lib/Qt6Help.prl
2026-07-05 17:15:05,255 - aqt.updater - INFO - updater 25108 Patching C:/cpmcache/qt-bin/6.9.3/msvc2022_64/lib/Qt6Helpd.prl
2026-07-05 17:15:05,262 - aqt.updater - INFO - updater 25108 Patching C:/cpmcache/qt-bin/6.9.3/msvc2022_64/lib/Qt6LabsAnimation.prl
2026-07-05 17:15:05,269 - aqt.updater - INFO - updater 25108 Patching C:/cpmcache/qt-bin/6.9.3/msvc2022_64/lib/Qt6LabsAnimationd.prl
2026-07-05 17:15:05,275 - aqt.updater - INFO - updater 25108 Patching C:/cpmcache/qt-bin/6.9.3/msvc2022_64/lib/Qt6LabsFolderListModel.prl
2026-07-05 17:15:05,282 - aqt.updater - INFO - updater 25108 Patching C:/cpmcache/qt-bin/6.9.3/msvc2022_64/lib/Qt6LabsFolderListModeld.prl
2026-07-05 17:15:05,290 - aqt.updater - INFO - updater 25108 Patching C:/cpmcache/qt-bin/6.9.3/msvc2022_64/lib/Qt6LabsPlatform.prl
2026-07-05 17:15:05,297 - aqt.updater - INFO - updater 25108 Patching C:/cpmcache/qt-bin/6.9.3/msvc2022_64/lib/Qt6LabsPlatformd.prl
2026-07-05 17:15:05,306 - aqt.updater - INFO - updater 25108 Patching C:/cpmcache/qt-bin/6.9.3/msvc2022_64/lib/Qt6LabsQmlModels.prl
2026-07-05 17:15:05,314 - aqt.updater - INFO - updater 25108 Patching C:/cpmcache/qt-bin/6.9.3/msvc2022_64/lib/Qt6LabsQmlModelsd.prl
2026-07-05 17:15:05,322 - aqt.updater - INFO - updater 25108 Patching C:/cpmcache/qt-bin/6.9.3/msvc2022_64/lib/Qt6LabsSettings.prl
2026-07-05 17:15:05,329 - aqt.updater - INFO - updater 25108 Patching C:/cpmcache/qt-bin/6.9.3/msvc2022_64/lib/Qt6LabsSettingsd.prl
2026-07-05 17:15:05,336 - aqt.updater - INFO - updater 25108 Patching C:/cpmcache/qt-bin/6.9.3/msvc2022_64/lib/Qt6LabsSharedImage.prl
2026-07-05 17:15:05,345 - aqt.updater - INFO - updater 25108 Patching C:/cpmcache/qt-bin/6.9.3/msvc2022_64/lib/Qt6LabsSharedImaged.prl
2026-07-05 17:15:05,352 - aqt.updater - INFO - updater 25108 Patching C:/cpmcache/qt-bin/6.9.3/msvc2022_64/lib/Qt6LabsWavefrontMesh.prl
2026-07-05 17:15:05,359 - aqt.updater - INFO - updater 25108 Patching C:/cpmcache/qt-bin/6.9.3/msvc2022_64/lib/Qt6LabsWavefrontMeshd.prl
2026-07-05 17:15:05,367 - aqt.updater - INFO - updater 25108 Patching C:/cpmcache/qt-bin/6.9.3/msvc2022_64/lib/Qt6Network.prl
2026-07-05 17:15:05,374 - aqt.updater - INFO - updater 25108 Patching C:/cpmcache/qt-bin/6.9.3/msvc2022_64/lib/Qt6Networkd.prl
2026-07-05 17:15:05,382 - aqt.updater - INFO - updater 25108 Patching C:/cpmcache/qt-bin/6.9.3/msvc2022_64/lib/Qt6OpenGL.prl
2026-07-05 17:15:05,389 - aqt.updater - INFO - updater 25108 Patching C:/cpmcache/qt-bin/6.9.3/msvc2022_64/lib/Qt6OpenGLd.prl
2026-07-05 17:15:05,397 - aqt.updater - INFO - updater 25108 Patching C:/cpmcache/qt-bin/6.9.3/msvc2022_64/lib/Qt6OpenGLWidgets.prl
2026-07-05 17:15:05,404 - aqt.updater - INFO - updater 25108 Patching C:/cpmcache/qt-bin/6.9.3/msvc2022_64/lib/Qt6OpenGLWidgetsd.prl
2026-07-05 17:15:05,411 - aqt.updater - INFO - updater 25108 Patching C:/cpmcache/qt-bin/6.9.3/msvc2022_64/lib/Qt6PacketProtocol.prl
2026-07-05 17:15:05,420 - aqt.updater - INFO - updater 25108 Patching C:/cpmcache/qt-bin/6.9.3/msvc2022_64/lib/Qt6PacketProtocold.prl
2026-07-05 17:15:05,429 - aqt.updater - INFO - updater 25108 Patching C:/cpmcache/qt-bin/6.9.3/msvc2022_64/lib/Qt6PrintSupport.prl
2026-07-05 17:15:05,438 - aqt.updater - INFO - updater 25108 Patching C:/cpmcache/qt-bin/6.9.3/msvc2022_64/lib/Qt6PrintSupportd.prl
2026-07-05 17:15:05,445 - aqt.updater - INFO - updater 25108 Patching C:/cpmcache/qt-bin/6.9.3/msvc2022_64/lib/Qt6Qml.prl
2026-07-05 17:15:05,453 - aqt.updater - INFO - updater 25108 Patching C:/cpmcache/qt-bin/6.9.3/msvc2022_64/lib/Qt6QmlAssetDownloader.prl
2026-07-05 17:15:05,462 - aqt.updater - INFO - updater 25108 Patching C:/cpmcache/qt-bin/6.9.3/msvc2022_64/lib/Qt6QmlAssetDownloaderd.prl
2026-07-05 17:15:05,470 - aqt.updater - INFO - updater 25108 Patching C:/cpmcache/qt-bin/6.9.3/msvc2022_64/lib/Qt6QmlCompiler.prl
2026-07-05 17:15:05,479 - aqt.updater - INFO - updater 25108 Patching C:/cpmcache/qt-bin/6.9.3/msvc2022_64/lib/Qt6QmlCompilerd.prl
2026-07-05 17:15:05,486 - aqt.updater - INFO - updater 25108 Patching C:/cpmcache/qt-bin/6.9.3/msvc2022_64/lib/Qt6QmlCore.prl
2026-07-05 17:15:05,493 - aqt.updater - INFO - updater 25108 Patching C:/cpmcache/qt-bin/6.9.3/msvc2022_64/lib/Qt6QmlCored.prl
2026-07-05 17:15:05,502 - aqt.updater - INFO - updater 25108 Patching C:/cpmcache/qt-bin/6.9.3/msvc2022_64/lib/Qt6Qmld.prl
2026-07-05 17:15:05,510 - aqt.updater - INFO - updater 25108 Patching C:/cpmcache/qt-bin/6.9.3/msvc2022_64/lib/Qt6QmlDebug.prl
2026-07-05 17:15:05,518 - aqt.updater - INFO - updater 25108 Patching C:/cpmcache/qt-bin/6.9.3/msvc2022_64/lib/Qt6QmlDebugd.prl
2026-07-05 17:15:05,528 - aqt.updater - INFO - updater 25108 Patching C:/cpmcache/qt-bin/6.9.3/msvc2022_64/lib/Qt6QmlDom.prl
2026-07-05 17:15:05,536 - aqt.updater - INFO - updater 25108 Patching C:/cpmcache/qt-bin/6.9.3/msvc2022_64/lib/Qt6QmlDomd.prl
2026-07-05 17:15:05,544 - aqt.updater - INFO - updater 25108 Patching C:/cpmcache/qt-bin/6.9.3/msvc2022_64/lib/Qt6QmlFormat.prl
2026-07-05 17:15:05,553 - aqt.updater - INFO - updater 25108 Patching C:/cpmcache/qt-bin/6.9.3/msvc2022_64/lib/Qt6QmlFormatd.prl
2026-07-05 17:15:05,561 - aqt.updater - INFO - updater 25108 Patching C:/cpmcache/qt-bin/6.9.3/msvc2022_64/lib/Qt6QmlLocalStorage.prl
2026-07-05 17:15:05,569 - aqt.updater - INFO - updater 25108 Patching C:/cpmcache/qt-bin/6.9.3/msvc2022_64/lib/Qt6QmlLocalStoraged.prl
2026-07-05 17:15:05,577 - aqt.updater - INFO - updater 25108 Patching C:/cpmcache/qt-bin/6.9.3/msvc2022_64/lib/Qt6QmlLS.prl
2026-07-05 17:15:05,586 - aqt.updater - INFO - updater 25108 Patching C:/cpmcache/qt-bin/6.9.3/msvc2022_64/lib/Qt6QmlLSd.prl
2026-07-05 17:15:05,594 - aqt.updater - INFO - updater 25108 Patching C:/cpmcache/qt-bin/6.9.3/msvc2022_64/lib/Qt6QmlMeta.prl
2026-07-05 17:15:05,602 - aqt.updater - INFO - updater 25108 Patching C:/cpmcache/qt-bin/6.9.3/msvc2022_64/lib/Qt6QmlMetad.prl
2026-07-05 17:15:05,610 - aqt.updater - INFO - updater 25108 Patching C:/cpmcache/qt-bin/6.9.3/msvc2022_64/lib/Qt6QmlModels.prl
2026-07-05 17:15:05,617 - aqt.updater - INFO - updater 25108 Patching C:/cpmcache/qt-bin/6.9.3/msvc2022_64/lib/Qt6QmlModelsd.prl
2026-07-05 17:15:05,626 - aqt.updater - INFO - updater 25108 Patching C:/cpmcache/qt-bin/6.9.3/msvc2022_64/lib/Qt6QmlNetwork.prl
2026-07-05 17:15:05,633 - aqt.updater - INFO - updater 25108 Patching C:/cpmcache/qt-bin/6.9.3/msvc2022_64/lib/Qt6QmlNetworkd.prl
2026-07-05 17:15:05,640 - aqt.updater - INFO - updater 25108 Patching C:/cpmcache/qt-bin/6.9.3/msvc2022_64/lib/Qt6QmlToolingSettings.prl
2026-07-05 17:15:05,648 - aqt.updater - INFO - updater 25108 Patching C:/cpmcache/qt-bin/6.9.3/msvc2022_64/lib/Qt6QmlToolingSettingsd.prl
2026-07-05 17:15:05,656 - aqt.updater - INFO - updater 25108 Patching C:/cpmcache/qt-bin/6.9.3/msvc2022_64/lib/Qt6QmlTypeRegistrar.prl
2026-07-05 17:15:05,665 - aqt.updater - INFO - updater 25108 Patching C:/cpmcache/qt-bin/6.9.3/msvc2022_64/lib/Qt6QmlTypeRegistrard.prl
2026-07-05 17:15:05,673 - aqt.updater - INFO - updater 25108 Patching C:/cpmcache/qt-bin/6.9.3/msvc2022_64/lib/Qt6QmlWorkerScript.prl
2026-07-05 17:15:05,680 - aqt.updater - INFO - updater 25108 Patching C:/cpmcache/qt-bin/6.9.3/msvc2022_64/lib/Qt6QmlWorkerScriptd.prl
2026-07-05 17:15:05,687 - aqt.updater - INFO - updater 25108 Patching C:/cpmcache/qt-bin/6.9.3/msvc2022_64/lib/Qt6QmlXmlListModel.prl
2026-07-05 17:15:05,696 - aqt.updater - INFO - updater 25108 Patching C:/cpmcache/qt-bin/6.9.3/msvc2022_64/lib/Qt6QmlXmlListModeld.prl
2026-07-05 17:15:05,703 - aqt.updater - INFO - updater 25108 Patching C:/cpmcache/qt-bin/6.9.3/msvc2022_64/lib/Qt6Quick.prl
2026-07-05 17:15:05,711 - aqt.updater - INFO - updater 25108 Patching C:/cpmcache/qt-bin/6.9.3/msvc2022_64/lib/Qt6QuickControls2.prl
2026-07-05 17:15:05,719 - aqt.updater - INFO - updater 25108 Patching C:/cpmcache/qt-bin/6.9.3/msvc2022_64/lib/Qt6QuickControls2Basic.prl
2026-07-05 17:15:05,726 - aqt.updater - INFO - updater 25108 Patching C:/cpmcache/qt-bin/6.9.3/msvc2022_64/lib/Qt6QuickControls2Basicd.prl
2026-07-05 17:15:05,734 - aqt.updater - INFO - updater 25108 Patching C:/cpmcache/qt-bin/6.9.3/msvc2022_64/lib/Qt6QuickControls2BasicStyleImpl.prl
2026-07-05 17:15:05,742 - aqt.updater - INFO - updater 25108 Patching C:/cpmcache/qt-bin/6.9.3/msvc2022_64/lib/Qt6QuickControls2BasicStyleImpld.prl
2026-07-05 17:15:05,750 - aqt.updater - INFO - updater 25108 Patching C:/cpmcache/qt-bin/6.9.3/msvc2022_64/lib/Qt6QuickControls2d.prl
2026-07-05 17:15:05,757 - aqt.updater - INFO - updater 25108 Patching C:/cpmcache/qt-bin/6.9.3/msvc2022_64/lib/Qt6QuickControls2FluentWinUI3StyleImpl.prl
2026-07-05 17:15:05,765 - aqt.updater - INFO - updater 25108 Patching C:/cpmcache/qt-bin/6.9.3/msvc2022_64/lib/Qt6QuickControls2FluentWinUI3StyleImpld.prl
2026-07-05 17:15:05,772 - aqt.updater - INFO - updater 25108 Patching C:/cpmcache/qt-bin/6.9.3/msvc2022_64/lib/Qt6QuickControls2Fusion.prl
2026-07-05 17:15:05,779 - aqt.updater - INFO - updater 25108 Patching C:/cpmcache/qt-bin/6.9.3/msvc2022_64/lib/Qt6QuickControls2Fusiond.prl
2026-07-05 17:15:05,787 - aqt.updater - INFO - updater 25108 Patching C:/cpmcache/qt-bin/6.9.3/msvc2022_64/lib/Qt6QuickControls2FusionStyleImpl.prl
2026-07-05 17:15:05,795 - aqt.updater - INFO - updater 25108 Patching C:/cpmcache/qt-bin/6.9.3/msvc2022_64/lib/Qt6QuickControls2FusionStyleImpld.prl
2026-07-05 17:15:05,803 - aqt.updater - INFO - updater 25108 Patching C:/cpmcache/qt-bin/6.9.3/msvc2022_64/lib/Qt6QuickControls2Imagine.prl
2026-07-05 17:15:05,811 - aqt.updater - INFO - updater 25108 Patching C:/cpmcache/qt-bin/6.9.3/msvc2022_64/lib/Qt6QuickControls2Imagined.prl
2026-07-05 17:15:05,819 - aqt.updater - INFO - updater 25108 Patching C:/cpmcache/qt-bin/6.9.3/msvc2022_64/lib/Qt6QuickControls2ImagineStyleImpl.prl
2026-07-05 17:15:05,828 - aqt.updater - INFO - updater 25108 Patching C:/cpmcache/qt-bin/6.9.3/msvc2022_64/lib/Qt6QuickControls2ImagineStyleImpld.prl
2026-07-05 17:15:05,835 - aqt.updater - INFO - updater 25108 Patching C:/cpmcache/qt-bin/6.9.3/msvc2022_64/lib/Qt6QuickControls2Impl.prl
2026-07-05 17:15:05,842 - aqt.updater - INFO - updater 25108 Patching C:/cpmcache/qt-bin/6.9.3/msvc2022_64/lib/Qt6QuickControls2Impld.prl
2026-07-05 17:15:05,850 - aqt.updater - INFO - updater 25108 Patching C:/cpmcache/qt-bin/6.9.3/msvc2022_64/lib/Qt6QuickControls2Material.prl
2026-07-05 17:15:05,857 - aqt.updater - INFO - updater 25108 Patching C:/cpmcache/qt-bin/6.9.3/msvc2022_64/lib/Qt6QuickControls2Materiald.prl
2026-07-05 17:15:05,865 - aqt.updater - INFO - updater 25108 Patching C:/cpmcache/qt-bin/6.9.3/msvc2022_64/lib/Qt6QuickControls2MaterialStyleImpl.prl
2026-07-05 17:15:05,873 - aqt.updater - INFO - updater 25108 Patching C:/cpmcache/qt-bin/6.9.3/msvc2022_64/lib/Qt6QuickControls2MaterialStyleImpld.prl
2026-07-05 17:15:05,881 - aqt.updater - INFO - updater 25108 Patching C:/cpmcache/qt-bin/6.9.3/msvc2022_64/lib/Qt6QuickControls2Universal.prl
2026-07-05 17:15:05,888 - aqt.updater - INFO - updater 25108 Patching C:/cpmcache/qt-bin/6.9.3/msvc2022_64/lib/Qt6QuickControls2Universald.prl
2026-07-05 17:15:05,897 - aqt.updater - INFO - updater 25108 Patching C:/cpmcache/qt-bin/6.9.3/msvc2022_64/lib/Qt6QuickControls2UniversalStyleImpl.prl
2026-07-05 17:15:05,904 - aqt.updater - INFO - updater 25108 Patching C:/cpmcache/qt-bin/6.9.3/msvc2022_64/lib/Qt6QuickControls2UniversalStyleImpld.prl
2026-07-05 17:15:05,911 - aqt.updater - INFO - updater 25108 Patching C:/cpmcache/qt-bin/6.9.3/msvc2022_64/lib/Qt6QuickControls2WindowsStyleImpl.prl
2026-07-05 17:15:05,919 - aqt.updater - INFO - updater 25108 Patching C:/cpmcache/qt-bin/6.9.3/msvc2022_64/lib/Qt6QuickControls2WindowsStyleImpld.prl
2026-07-05 17:15:05,927 - aqt.updater - INFO - updater 25108 Patching C:/cpmcache/qt-bin/6.9.3/msvc2022_64/lib/Qt6QuickControlsTestUtils.prl
2026-07-05 17:15:05,935 - aqt.updater - INFO - updater 25108 Patching C:/cpmcache/qt-bin/6.9.3/msvc2022_64/lib/Qt6QuickControlsTestUtilsd.prl
2026-07-05 17:15:05,943 - aqt.updater - INFO - updater 25108 Patching C:/cpmcache/qt-bin/6.9.3/msvc2022_64/lib/Qt6Quickd.prl
2026-07-05 17:15:05,950 - aqt.updater - INFO - updater 25108 Patching C:/cpmcache/qt-bin/6.9.3/msvc2022_64/lib/Qt6QuickDialogs2.prl
2026-07-05 17:15:05,957 - aqt.updater - INFO - updater 25108 Patching C:/cpmcache/qt-bin/6.9.3/msvc2022_64/lib/Qt6QuickDialogs2d.prl
2026-07-05 17:15:05,964 - aqt.updater - INFO - updater 25108 Patching C:/cpmcache/qt-bin/6.9.3/msvc2022_64/lib/Qt6QuickDialogs2QuickImpl.prl
2026-07-05 17:15:05,972 - aqt.updater - INFO - updater 25108 Patching C:/cpmcache/qt-bin/6.9.3/msvc2022_64/lib/Qt6QuickDialogs2QuickImpld.prl
2026-07-05 17:15:05,979 - aqt.updater - INFO - updater 25108 Patching C:/cpmcache/qt-bin/6.9.3/msvc2022_64/lib/Qt6QuickDialogs2Utils.prl
2026-07-05 17:15:05,987 - aqt.updater - INFO - updater 25108 Patching C:/cpmcache/qt-bin/6.9.3/msvc2022_64/lib/Qt6QuickDialogs2Utilsd.prl
2026-07-05 17:15:05,994 - aqt.updater - INFO - updater 25108 Patching C:/cpmcache/qt-bin/6.9.3/msvc2022_64/lib/Qt6QuickEffects.prl
2026-07-05 17:15:06,001 - aqt.updater - INFO - updater 25108 Patching C:/cpmcache/qt-bin/6.9.3/msvc2022_64/lib/Qt6QuickEffectsd.prl
2026-07-05 17:15:06,009 - aqt.updater - INFO - updater 25108 Patching C:/cpmcache/qt-bin/6.9.3/msvc2022_64/lib/Qt6QuickLayouts.prl
2026-07-05 17:15:06,016 - aqt.updater - INFO - updater 25108 Patching C:/cpmcache/qt-bin/6.9.3/msvc2022_64/lib/Qt6QuickLayoutsd.prl
2026-07-05 17:15:06,024 - aqt.updater - INFO - updater 25108 Patching C:/cpmcache/qt-bin/6.9.3/msvc2022_64/lib/Qt6QuickParticles.prl
2026-07-05 17:15:06,034 - aqt.updater - INFO - updater 25108 Patching C:/cpmcache/qt-bin/6.9.3/msvc2022_64/lib/Qt6QuickParticlesd.prl
2026-07-05 17:15:06,042 - aqt.updater - INFO - updater 25108 Patching C:/cpmcache/qt-bin/6.9.3/msvc2022_64/lib/Qt6QuickShapes.prl
2026-07-05 17:15:06,051 - aqt.updater - INFO - updater 25108 Patching C:/cpmcache/qt-bin/6.9.3/msvc2022_64/lib/Qt6QuickShapesd.prl
2026-07-05 17:15:06,058 - aqt.updater - INFO - updater 25108 Patching C:/cpmcache/qt-bin/6.9.3/msvc2022_64/lib/Qt6QuickTemplates2.prl
2026-07-05 17:15:06,066 - aqt.updater - INFO - updater 25108 Patching C:/cpmcache/qt-bin/6.9.3/msvc2022_64/lib/Qt6QuickTemplates2d.prl
2026-07-05 17:15:06,074 - aqt.updater - INFO - updater 25108 Patching C:/cpmcache/qt-bin/6.9.3/msvc2022_64/lib/Qt6QuickTest.prl
2026-07-05 17:15:06,082 - aqt.updater - INFO - updater 25108 Patching C:/cpmcache/qt-bin/6.9.3/msvc2022_64/lib/Qt6QuickTestd.prl
2026-07-05 17:15:06,091 - aqt.updater - INFO - updater 25108 Patching C:/cpmcache/qt-bin/6.9.3/msvc2022_64/lib/Qt6QuickTestUtils.prl
2026-07-05 17:15:06,099 - aqt.updater - INFO - updater 25108 Patching C:/cpmcache/qt-bin/6.9.3/msvc2022_64/lib/Qt6QuickTestUtilsd.prl
2026-07-05 17:15:06,108 - aqt.updater - INFO - updater 25108 Patching C:/cpmcache/qt-bin/6.9.3/msvc2022_64/lib/Qt6QuickVectorImage.prl
2026-07-05 17:15:06,115 - aqt.updater - INFO - updater 25108 Patching C:/cpmcache/qt-bin/6.9.3/msvc2022_64/lib/Qt6QuickVectorImaged.prl
2026-07-05 17:15:06,123 - aqt.updater - INFO - updater 25108 Patching C:/cpmcache/qt-bin/6.9.3/msvc2022_64/lib/Qt6QuickVectorImageGenerator.prl
2026-07-05 17:15:06,131 - aqt.updater - INFO - updater 25108 Patching C:/cpmcache/qt-bin/6.9.3/msvc2022_64/lib/Qt6QuickVectorImageGeneratord.prl
2026-07-05 17:15:06,138 - aqt.updater - INFO - updater 25108 Patching C:/cpmcache/qt-bin/6.9.3/msvc2022_64/lib/Qt6QuickWidgets.prl
2026-07-05 17:15:06,146 - aqt.updater - INFO - updater 25108 Patching C:/cpmcache/qt-bin/6.9.3/msvc2022_64/lib/Qt6QuickWidgetsd.prl
2026-07-05 17:15:06,154 - aqt.updater - INFO - updater 25108 Patching C:/cpmcache/qt-bin/6.9.3/msvc2022_64/lib/Qt6Sql.prl
2026-07-05 17:15:06,161 - aqt.updater - INFO - updater 25108 Patching C:/cpmcache/qt-bin/6.9.3/msvc2022_64/lib/Qt6Sqld.prl
2026-07-05 17:15:06,168 - aqt.updater - INFO - updater 25108 Patching C:/cpmcache/qt-bin/6.9.3/msvc2022_64/lib/Qt6Svg.prl
2026-07-05 17:15:06,177 - aqt.updater - INFO - updater 25108 Patching C:/cpmcache/qt-bin/6.9.3/msvc2022_64/lib/Qt6Svgd.prl
2026-07-05 17:15:06,184 - aqt.updater - INFO - updater 25108 Patching C:/cpmcache/qt-bin/6.9.3/msvc2022_64/lib/Qt6SvgWidgets.prl
2026-07-05 17:15:06,192 - aqt.updater - INFO - updater 25108 Patching C:/cpmcache/qt-bin/6.9.3/msvc2022_64/lib/Qt6SvgWidgetsd.prl
2026-07-05 17:15:06,199 - aqt.updater - INFO - updater 25108 Patching C:/cpmcache/qt-bin/6.9.3/msvc2022_64/lib/Qt6Test.prl
2026-07-05 17:15:06,206 - aqt.updater - INFO - updater 25108 Patching C:/cpmcache/qt-bin/6.9.3/msvc2022_64/lib/Qt6Testd.prl
2026-07-05 17:15:06,214 - aqt.updater - INFO - updater 25108 Patching C:/cpmcache/qt-bin/6.9.3/msvc2022_64/lib/Qt6UiTools.prl
2026-07-05 17:15:06,222 - aqt.updater - INFO - updater 25108 Patching C:/cpmcache/qt-bin/6.9.3/msvc2022_64/lib/Qt6UiToolsd.prl
2026-07-05 17:15:06,230 - aqt.updater - INFO - updater 25108 Patching C:/cpmcache/qt-bin/6.9.3/msvc2022_64/lib/Qt6Widgets.prl
2026-07-05 17:15:06,238 - aqt.updater - INFO - updater 25108 Patching C:/cpmcache/qt-bin/6.9.3/msvc2022_64/lib/Qt6Widgetsd.prl
2026-07-05 17:15:06,246 - aqt.updater - INFO - updater 25108 Patching C:/cpmcache/qt-bin/6.9.3/msvc2022_64/lib/Qt6Xml.prl
2026-07-05 17:15:06,253 - aqt.updater - INFO - updater 25108 Patching C:/cpmcache/qt-bin/6.9.3/msvc2022_64/lib/Qt6Xmld.prl
2026-07-05 17:15:06,262 - aqt.main - INFO - installer 25108 Finished installation
2026-07-05 17:15:06,262 - aqt.main - INFO - installer 25108 Time elapsed: 63.60838280 second
2026-07-05 17:15:06,806 - aqt.main - INFO - installer 10112 aqtinstall(aqt) v3.3.0 on Python 3.14.6 [CPython MINGW Clang UCRT 22.1.7 64 bit (AMD64) (GCC)]
2026-07-05 17:15:06,807 - aqt.helper - DEBUG - helper 10112 Attempt to download checksum at https://download.qt.io/online/qtsdkrepository/windows_x86/desktop/qt6_693/qt6_693/Updates.xml.sha256
2026-07-05 17:15:09,850 - aqt.helper - DEBUG - helper 10112 Attempt to download checksum at https://download.qt.io/online/qtsdkrepository/windows_x86/extensions/qtwebengine/693/msvc2022_64/Updates.xml.sha256
2026-07-05 17:15:12,472 - aqt.archives - INFO - archives 10112 Found extension qtwebengine
2026-07-05 17:15:12,472 - aqt.helper - DEBUG - helper 10112 Attempt to download checksum at https://download.qt.io/online/qtsdkrepository/windows_x86/extensions/qtpdf/693/msvc2022_64/Updates.xml.sha256
2026-07-05 17:15:15,133 - aqt.archives - INFO - archives 10112 Found extension qtpdf
2026-07-05 17:15:15,146 - aqt.main - ERROR - installer 10112 The packages ['qttools'] were not found while parsing XML of package information!
==============================Suggested follow-up:==============================
* Please use 'aqt list-qt windows desktop --modules 6.9.3 <arch>' to show modules available.
